\BOOKMARK [1][-]{section.1}{\376\377\116\000\176\247\150\007\230\230}{}% 1
\BOOKMARK [2][-]{subsection.1.1}{\376\377\116\214\176\247\150\007\230\230}{section.1}% 2
\BOOKMARK [3][-]{subsubsection.1.1.1}{\376\377\145\340\136\217\122\027\210\150}{subsection.1.1}% 3
\BOOKMARK [3][-]{subsubsection.1.1.2}{\376\377\147\011\136\217\122\027\210\150}{subsection.1.1}% 4
\BOOKMARK [3][-]{subsubsection.1.1.3}{\376\377\143\322\121\145\224\376\143\245}{subsection.1.1}% 5
\BOOKMARK [3][-]{subsubsection.1.1.4}{\376\377\143\322\121\145\126\376\162\107}{subsection.1.1}% 6
\BOOKMARK [3][-]{subsubsection.1.1.5}{\376\377\116\343\170\001\137\025\121\145}{subsection.1.1}% 7
\BOOKMARK [3][-]{subsubsection.1.1.6}{\376\377\122\006\122\162\176\277\377\032}{subsection.1.1}% 8
